apiVersion: v1
data:
  CLUSTER: dev
  DOMAIN: example.org
kind: ConfigMap
metadata:
  name: cluster-settings
  namespace: flux-system
---
apiVersion: v1
data:
  PWD: secret
kind: Secret
metadata:
  name: cluster-secrets
  namespace: flux-system
