# serializer version: 1
# name: test_grep[path0]
  '''
  apiVersion: v1
  kind: ConfigMap
  metadata:
    namespace: flux-system
    name: cluster-settings
    annotations:
      config.kubernetes.io/index: '0'
      config.kubernetes.io/path: 'cluster-settings.yaml'
      internal.config.kubernetes.io/index: '0'
      internal.config.kubernetes.io/path: 'cluster-settings.yaml'
  data:
    CLUSTER: dev
    DOMAIN: example.org
  
  '''
# ---
# name: test_grep[path1]
  '''
  apiVersion: v1
  kind: ConfigMap
  metadata:
    namespace: flux-system
    name: cluster-settings
    annotations:
      config.kubernetes.io/index: '0'
      config.kubernetes.io/path: 'cluster-settings.yaml'
      internal.config.kubernetes.io/index: '0'
      internal.config.kubernetes.io/path: 'cluster-settings.yaml'
  data:
    CLUSTER: dev
    DOMAIN: example.org
  
  '''
# ---
# name: test_objects[path0]
  list([
    dict({
      'apiVersion': 'v1',
      'data': dict({
        'CLUSTER': 'dev',
        'DOMAIN': 'example.org',
      }),
      'kind': 'ConfigMap',
      'metadata': dict({
        'annotations': dict({
          'config.kubernetes.io/index': '0',
          'config.kubernetes.io/path': 'cluster-settings.yaml',
          'internal.config.kubernetes.io/index': '0',
          'internal.config.kubernetes.io/path': 'cluster-settings.yaml',
        }),
        'name': 'cluster-settings',
        'namespace': 'flux-system',
      }),
    }),
  ])
# ---
# name: test_objects[path1]
  list([
    dict({
      'apiVersion': 'v1',
      'data': dict({
        'CLUSTER': 'dev',
        'DOMAIN': 'example.org',
      }),
      'kind': 'ConfigMap',
      'metadata': dict({
        'annotations': dict({
          'config.kubernetes.io/index': '0',
          'config.kubernetes.io/path': 'cluster-settings.yaml',
          'internal.config.kubernetes.io/index': '0',
          'internal.config.kubernetes.io/path': 'cluster-settings.yaml',
        }),
        'name': 'cluster-settings',
        'namespace': 'flux-system',
      }),
    }),
  ])
# ---
