# serializer version: 1
# name: test_diff_ks[apps]
  ''
# ---
# name: test_diff_ks[ks-external]
  ''
# ---
# name: test_diff_ks[yaml-empty-sources]
  '''
  ---
  - kustomization_path: tests/testdata/cluster/apps/prod
    kind: Kustomization
    namespace: flux-system
    name: apps
    diffs:
    - kustomization_path: tests/testdata/cluster/apps/prod
      kind: Namespace
      namespace: flux-system
      name: podinfo
      diff: |-
        --- tests/testdata/cluster/apps/prod Kustomization: flux-system/apps Namespace: flux-system/podinfo
  
        +++ tests/testdata/cluster/apps/prod Kustomization: flux-system/apps Namespace: flux-system/podinfo
  
        @@ -1,9 +0,0 @@
  
        ----
        -apiVersion: v1
        -kind: Namespace
        -metadata:
        -  labels:
        -    kustomize.toolkit.fluxcd.io/name: apps
        -    kustomize.toolkit.fluxcd.io/namespace: flux-system
        -  name: podinfo
        -
    - kustomization_path: tests/testdata/cluster/apps/prod
      kind: HelmRelease
      namespace: podinfo
      name: podinfo
      diff: |-
        --- tests/testdata/cluster/apps/prod Kustomization: flux-system/apps HelmRelease: podinfo/podinfo
  
        +++ tests/testdata/cluster/apps/prod Kustomization: flux-system/apps HelmRelease: podinfo/podinfo
  
        @@ -1,37 +0,0 @@
  
        ----
        -apiVersion: helm.toolkit.fluxcd.io/v2beta1
        -kind: HelmRelease
        -metadata:
        -  labels:
        -    kustomize.toolkit.fluxcd.io/name: apps
        -    kustomize.toolkit.fluxcd.io/namespace: flux-system
        -  name: podinfo
        -  namespace: podinfo
        -spec:
        -  chart:
        -    spec:
        -      chart: podinfo
        -      sourceRef:
        -        kind: HelmRepository
        -        name: podinfo
        -        namespace: flux-system
        -      version: 6.3.2
        -  install:
        -    remediation:
        -      retries: 3
        -  interval: 50m
        -  releaseName: podinfo
        -  values:
        -    ingress:
        -      className: nginx
        -      enabled: true
        -      hosts:
        -      - host: podinfo.production
        -        paths:
        -        - path: /
        -          pathType: ImplementationSpecific
        -    redis:
        -      enabled: true
        -      repository: public.ecr.aws/docker/library/redis
        -      tag: 7.0.6
        -
    - kustomization_path: tests/testdata/cluster/apps/prod
      kind: ConfigMap
      namespace: podinfo
      name: podinfo-config
      diff: |-
        --- tests/testdata/cluster/apps/prod Kustomization: flux-system/apps ConfigMap: podinfo/podinfo-config
  
        +++ tests/testdata/cluster/apps/prod Kustomization: flux-system/apps ConfigMap: podinfo/podinfo-config
  
        @@ -1,12 +0,0 @@
  
        ----
        -apiVersion: v1
        -data:
        -  foo: bar
        -kind: ConfigMap
        -metadata:
        -  labels:
        -    kustomize.toolkit.fluxcd.io/name: apps
        -    kustomize.toolkit.fluxcd.io/namespace: flux-system
        -  name: podinfo-config
        -  namespace: podinfo
        -
  
  
  '''
# ---
# name: test_diff_ks[yaml-limit]
  ''
# ---
# name: test_diff_ks[yaml]
  ''
# ---
