# serializer version: 1
# name: test_get_hr[all_namespace]
  '''
  NAMESPACE    NAME       REVISION    CHART              SOURCE     
  metallb      metallb    4.1.14      metallb-metallb    bitnami    
  
  '''
# ---
# name: test_get_hr[cluster2]
  '''
  NAMESPACE     NAME                    REVISION    CHART                              SOURCE                  
  networking    ingress-nginx           4.5.2       networking-ingress-nginx           ingress-nginx           
  monitoring    kubernetes-dashboard    6.0.0       monitoring-kubernetes-dashboard    kubernetes-dashboard    
  
  '''
# ---
# name: test_get_hr[cluster3-no-source]
  '''
  no HelmRelease objects found in cluster
  
  '''
# ---
# name: test_get_hr[cluster3]
  '''
  NAMESPACE    NAME       REVISION    CHART              SOURCE     
  podinfo      podinfo    None        podinfo-podinfo    podinfo    
  
  '''
# ---
# name: test_get_hr[cluster4]
  '''
  NAMESPACE     NAME                    REVISION    CHART                              SOURCE                  
  monitoring    kubernetes-dashboard    6.0.0       monitoring-kubernetes-dashboard    kubernetes-dashboard    
  
  '''
# ---
# name: test_get_hr[cluster5]
  '''
  NAMESPACE      NAME            REVISION    CHART                       SOURCE          
  metallb        metallb         4.1.14      metallb-metallb             bitnami         
  flux-system    weave-gitops    4.0.22      flux-system-weave-gitops    weave-charts    
  
  '''
# ---
# name: test_get_hr[cluster6]
  '''
  NAMESPACE    NAME        REVISION    CHART               SOURCE      
  default      renovate    37.64.3     default-renovate    renovate    
  
  '''
# ---
# name: test_get_hr[cluster7]
  '''
  NAMESPACE    NAME          REVISION    CHART                  SOURCE            
  database     postgresql    12.7.1      database-postgresql    bitnami-charts    
  
  '''
# ---
# name: test_get_hr[cluster]
  '''
  NAMESPACE      NAME            REVISION    CHART                       SOURCE          
  podinfo        podinfo         6.3.2       podinfo-podinfo             podinfo         
  metallb        metallb         4.1.14      metallb-metallb             bitnami         
  flux-system    weave-gitops    4.0.22      flux-system-weave-gitops    weave-charts    
  
  '''
# ---
# name: test_get_hr[name]
  '''
  NAME       REVISION    CHART              SOURCE     
  metallb    4.1.14      metallb-metallb    bitnami    
  
  '''
# ---
