# serializer version: 1
# name: test_diff_ks
  '''
  --- tests/testdata/cluster/apps/prod Kustomization: flux-system/apps ConfigMap: podinfo/podinfo-config
  
  +++ tests/testdata/cluster/apps/prod Kustomization: flux-system/apps ConfigMap: podinfo/podinfo-config
  
  @@ -1,12 +0,0 @@
  
  ----
  -apiVersion: v1
  -data:
  -  foo: bar
  -kind: ConfigMap
  -metadata:
  -  labels:
  -    kustomize.toolkit.fluxcd.io/name: apps
  -    kustomize.toolkit.fluxcd.io/namespace: flux-system
  -  name: podinfo-config
  -  namespace: podinfo
  -
  
  '''
# ---
